-- Types without a dedicated case convert through their own I/O functions.
--
-- pljs_datum_to_jsvalue() has a case per type for the handful it knows about --
-- the integers, float, numeric, text, json, bytea, the date/timestamp family --
-- and sends everything else to a fallback.  "Everything else" is most of the
-- type system: uuid, inet, cidr, macaddr, interval, time, timetz, the geometric
-- types, bit and bit varying, money, tsvector, every enum, every domain, and
-- every extension type such as ltree.
--
-- That fallback used to hand JavaScript the datum's *internal* bytes, and take
-- them back the same way, which was wrong in three separate directions:
--
--   1. JS_NewStringLen() decodes UTF-8, so every byte above 0x7F became U+FFFD.
--      A uuid round-tripped 0192f1c2-3a4b-7c5d-8e6f-0a1b2c3d4e5f into
--      01efbfbd-efbf-bd3a-4b7c-5defbfbd0a1b.  A BEFORE INSERT trigger that
--      returns NEW corrupts a uuid primary key this way, which surfaces much
--      later as a duplicate key on an unrelated row.
--
--   2. Coming back, the string's bytes were memcpy'd over the type's internal
--      representation with nothing validating them, so the datum was not just
--      wrong but malformed.  Returning a `bit varying` unchanged built a varbit
--      whose bit length disagreed with its allocation and crashed the backend
--      in varbit_out().
--
--   3. Pass-by-value types went through int32.  money lost its high half, time
--      came back as 00:4294967264:28.640256, and an enum reached JavaScript as
--      its pg_enum OID rather than its label.
--
-- Both directions now use the type's text I/O functions, which is what psql,
-- COPY and to_json() do, and what plv8 does for the same set of types.
CREATE EXTENSION IF NOT EXISTS pljs;
NOTICE:  extension "pljs" already exists, skipping
-- money and interval render through settings that vary by environment; pin
-- them so the expected output does not depend on the server's defaults.
SET lc_monetary = 'C';
SET IntervalStyle = 'postgres';
-- 1) The reported case: a uuid survives a round trip.
CREATE FUNCTION fb_uuid(u uuid) RETURNS uuid LANGUAGE pljs AS $$ return u; $$;
SELECT fb_uuid('0192f1c2-3a4b-7c5d-8e6f-0a1b2c3d4e5f');
               fb_uuid                
--------------------------------------
 0192f1c2-3a4b-7c5d-8e6f-0a1b2c3d4e5f
(1 row)

-- ...and reaches JavaScript as the text a user would recognise, not 16 bytes
-- of UTF-8 wreckage.
CREATE FUNCTION fb_uuid_seen(u uuid) RETURNS text LANGUAGE pljs AS $$
  return typeof u + ' of length ' + u.length + ': ' + u;
$$;
SELECT fb_uuid_seen('0192f1c2-3a4b-7c5d-8e6f-0a1b2c3d4e5f');
                       fb_uuid_seen                        
-----------------------------------------------------------
 string of length 36: 0192f1c2-3a4b-7c5d-8e6f-0a1b2c3d4e5f
(1 row)

-- 2) The trigger path, where the corruption is silent and lands on disk.
CREATE TABLE fb_t (id uuid PRIMARY KEY, n int);
CREATE FUNCTION fb_trig() RETURNS trigger LANGUAGE pljs AS $$ NEW.n = 2; return NEW; $$;
CREATE TRIGGER fb_trig BEFORE INSERT ON fb_t FOR EACH ROW EXECUTE FUNCTION fb_trig();
INSERT INTO fb_t VALUES ('0192f1c2-3a4b-7c5d-8e6f-0a1b2c3d4e5f', 1);
-- Two distinct keys stay distinct.  Every uuid used to collapse onto whatever
-- byte sequence the replacement characters encoded to, so this second insert
-- failed on the primary key.
INSERT INTO fb_t VALUES ('0192f1c2-3a4b-7c5d-8e6f-0a1b2c3d4e60', 3);
SELECT * FROM fb_t ORDER BY id;
                  id                  | n 
--------------------------------------+---
 0192f1c2-3a4b-7c5d-8e6f-0a1b2c3d4e5f | 2
 0192f1c2-3a4b-7c5d-8e6f-0a1b2c3d4e60 | 2
(2 rows)

-- 3) Pass-by-reference types, fixed length and varlena alike.
CREATE FUNCTION fb_inet(v inet) RETURNS inet LANGUAGE pljs AS $$ return v; $$;
SELECT fb_inet('192.168.1.100/24');
     fb_inet      
------------------
 192.168.1.100/24
(1 row)

CREATE FUNCTION fb_cidr(v cidr) RETURNS cidr LANGUAGE pljs AS $$ return v; $$;
SELECT fb_cidr('2001:db8::/32');
    fb_cidr    
---------------
 2001:db8::/32
(1 row)

CREATE FUNCTION fb_interval(v interval) RETURNS interval LANGUAGE pljs AS $$ return v; $$;
SELECT fb_interval('1 year 2 months 3 days 04:05:06');
          fb_interval          
-------------------------------
 1 year 2 mons 3 days 04:05:06
(1 row)

CREATE FUNCTION fb_point(v point) RETURNS point LANGUAGE pljs AS $$ return v; $$;
SELECT fb_point('(1.5,-2.25)');
  fb_point   
-------------
 (1.5,-2.25)
(1 row)

-- bit varying is the one that crashed the backend rather than merely corrupting.
CREATE FUNCTION fb_varbit(v varbit) RETURNS varbit LANGUAGE pljs AS $$ return v; $$;
SELECT fb_varbit(B'10110');
 fb_varbit 
-----------
 10110
(1 row)

CREATE FUNCTION fb_tsvector(v tsvector) RETURNS tsvector LANGUAGE pljs AS $$ return v; $$;
SELECT fb_tsvector('a fat cat'::tsvector);
   fb_tsvector   
-----------------
 'a' 'cat' 'fat'
(1 row)

-- 4) Pass-by-value types.  The fallback used to squeeze these through int32,
-- which is why fixing only the pass-by-reference half is not enough.
CREATE FUNCTION fb_time(v time) RETURNS time LANGUAGE pljs AS $$ return v; $$;
SELECT fb_time('12:34:56');
 fb_time  
----------
 12:34:56
(1 row)

-- money is int64: the high half went missing entirely.
CREATE FUNCTION fb_money(v money) RETURNS money LANGUAGE pljs AS $$ return v; $$;
SELECT fb_money('12.34'), fb_money('92233720368.54');
 fb_money |      fb_money      
----------+--------------------
   $12.34 | $92,233,720,368.54
(1 row)

-- An enum is a 4-byte OID by value, so it round-tripped only because both
-- directions agreed to pass the raw OID around; JavaScript never saw the label.
CREATE TYPE fb_mood AS ENUM ('sad', 'ok', 'happy');
CREATE FUNCTION fb_enum_seen(v fb_mood) RETURNS text LANGUAGE pljs AS $$
  return typeof v + ': ' + v;
$$;
SELECT fb_enum_seen('happy');
 fb_enum_seen  
---------------
 string: happy
(1 row)

CREATE FUNCTION fb_enum_upper(v fb_mood) RETURNS text LANGUAGE pljs AS $$
  return v.toUpperCase();
$$;
SELECT fb_enum_upper('happy');
 fb_enum_upper 
---------------
 HAPPY
(1 row)

CREATE FUNCTION fb_enum(v fb_mood) RETURNS fb_mood LANGUAGE pljs AS $$ return v; $$;
SELECT fb_enum('ok');
 fb_enum 
---------
 ok
(1 row)

CREATE FUNCTION fb_xid(v xid) RETURNS xid LANGUAGE pljs AS $$ return v; $$;
SELECT fb_xid('42');
 fb_xid 
--------
     42
(1 row)

-- 5) A value the type rejects now raises, where it used to be written as
-- whatever the bytes happened to mean.
CREATE FUNCTION fb_bad_uuid() RETURNS uuid LANGUAGE pljs AS $$ return 'not-a-uuid'; $$;
SELECT fb_bad_uuid();
ERROR:  invalid input syntax for type uuid: "not-a-uuid"
CREATE FUNCTION fb_bad_enum() RETURNS fb_mood LANGUAGE pljs AS $$ return 'furious'; $$;
SELECT fb_bad_enum();
ERROR:  invalid input value for enum fb_mood: "furious"
-- ...and it is an ordinary catchable error, not a crash.
DO $$
  try {
    pljs.execute("SELECT fb_bad_uuid()");
    pljs.elog(NOTICE, 'unexpectedly succeeded');
  } catch (e) {
    pljs.elog(NOTICE, 'raised: ' + (e.message.indexOf('uuid') >= 0));
  }
$$ LANGUAGE pljs;
NOTICE:  raised: true
-- 6) NULL still arrives as null and goes back as NULL.
CREATE FUNCTION fb_null(u uuid) RETURNS uuid LANGUAGE pljs AS $$
  pljs.elog(NOTICE, 'argument is null: ' + (u === null));
  return null;
$$;
SELECT fb_null(NULL) IS NULL AS returned_null;
NOTICE:  argument is null: true
 returned_null 
---------------
 t
(1 row)

-- 7) Domains go through the domain's input function, so the constraint is
-- enforced on the way back rather than bypassed.
CREATE DOMAIN fb_even_uuid AS uuid CHECK (VALUE IS NOT NULL);
CREATE FUNCTION fb_domain(v fb_even_uuid) RETURNS fb_even_uuid LANGUAGE pljs AS $$ return v; $$;
SELECT fb_domain('0192f1c2-3a4b-7c5d-8e6f-0a1b2c3d4e5f');
              fb_domain               
--------------------------------------
 0192f1c2-3a4b-7c5d-8e6f-0a1b2c3d4e5f
(1 row)

-- 8) Arrays and composites convert element by element and column by column, so
-- they reach the same fallback.
CREATE FUNCTION fb_uuid_array(v uuid[]) RETURNS uuid[] LANGUAGE pljs AS $$ return v; $$;
SELECT fb_uuid_array(ARRAY['0192f1c2-3a4b-7c5d-8e6f-0a1b2c3d4e5f',
                           '0192f1c2-3a4b-7c5d-8e6f-0a1b2c3d4e60']::uuid[]);
                                fb_uuid_array                                
-----------------------------------------------------------------------------
 {0192f1c2-3a4b-7c5d-8e6f-0a1b2c3d4e5f,0192f1c2-3a4b-7c5d-8e6f-0a1b2c3d4e60}
(1 row)

CREATE TYPE fb_comp AS (id uuid, addr inet, when_ interval);
CREATE FUNCTION fb_composite(v fb_comp) RETURNS fb_comp LANGUAGE pljs AS $$ return v; $$;
SELECT fb_composite(ROW('0192f1c2-3a4b-7c5d-8e6f-0a1b2c3d4e5f',
                        '10.0.0.1/8', '3 days')::fb_comp);
                        fb_composite                        
------------------------------------------------------------
 (0192f1c2-3a4b-7c5d-8e6f-0a1b2c3d4e5f,10.0.0.1/8,"3 days")
(1 row)

-- 9) A toasted value.  The old code detoasted by hand; the output function does
-- it itself, so a value long enough to be pushed out of line still reads back.
CREATE TABLE fb_toast (v varbit);
INSERT INTO fb_toast SELECT repeat('1011', 40000)::varbit;
CREATE FUNCTION fb_len(v varbit) RETURNS int LANGUAGE pljs AS $$ return v.length; $$;
SELECT length(v) AS stored_bits, fb_len(v) AS seen_by_js FROM fb_toast;
 stored_bits | seen_by_js 
-------------+------------
      160000 |     160000
(1 row)

-- 10) The same conversion is used for SPI parameters and results.
CREATE FUNCTION fb_spi() RETURNS text LANGUAGE pljs AS $$
  const rows = pljs.execute('SELECT $1::uuid AS u, $2::inet AS a',
                            ['0192f1c2-3a4b-7c5d-8e6f-0a1b2c3d4e5f', '10.1.2.3']);
  return rows[0].u + ' / ' + rows[0].a;
$$;
SELECT fb_spi();
                     fb_spi                      
-------------------------------------------------
 0192f1c2-3a4b-7c5d-8e6f-0a1b2c3d4e5f / 10.1.2.3
(1 row)

DROP TABLE fb_t, fb_toast;
DROP FUNCTION fb_uuid, fb_uuid_seen, fb_trig, fb_inet, fb_cidr, fb_interval,
              fb_point, fb_varbit, fb_tsvector, fb_time, fb_money, fb_enum_seen,
              fb_enum_upper, fb_enum, fb_xid, fb_bad_uuid, fb_bad_enum, fb_null,
              fb_domain, fb_uuid_array, fb_composite, fb_len, fb_spi;
DROP DOMAIN fb_even_uuid;
DROP TYPE fb_comp;
DROP TYPE fb_mood;
