-- A NULL result has to reach fcinfo->isnull, whatever the type.
--
-- call_function() reports its result's nullness through fcinfo->isnull.  Most
-- conversions set it, but two reported NULL only through their is_null
-- out-parameter, which call_function() ignored:
--
--   - a composite, whose conversion is shared with composite columns that
--     have no fcinfo of their own, and
--   - the fallback's `{is_null: true}`, for a type without a case of its own.
--
-- Both returned a zero pointer as a non-null value.  A composite's was
-- dereferenced as a tuple header and crashed the backend; an enum's was
-- read as OID 0; a uuid's crashed in uuid_out().  Every conversion now
-- reports NULL through both.
CREATE EXTENSION IF NOT EXISTS pljs;
NOTICE:  extension "pljs" already exists, skipping
CREATE TYPE pnr_row AS (a int4, b text);
CREATE FUNCTION pnr_row_null() RETURNS pnr_row LANGUAGE pljs AS $$ return null; $$;
SELECT pnr_row_null() IS NULL AS is_null;
 is_null 
---------
 t
(1 row)

SELECT pnr_row_null();
 pnr_row_null 
--------------
 
(1 row)

CREATE FUNCTION pnr_row_undefined() RETURNS pnr_row LANGUAGE pljs AS $$ return; $$;
SELECT pnr_row_undefined() IS NULL AS is_null;
 is_null 
---------
 t
(1 row)

-- A domain over a composite took the same path.
CREATE DOMAIN pnr_row_d AS pnr_row;
CREATE FUNCTION pnr_row_d_null() RETURNS pnr_row_d LANGUAGE pljs AS $$ return null; $$;
SELECT pnr_row_d_null() IS NULL AS is_null;
 is_null 
---------
 t
(1 row)

-- The fallback's {is_null: true}.
CREATE FUNCTION pnr_uuid_sentinel() RETURNS uuid LANGUAGE pljs AS $$
  return {is_null: true};
$$;
SELECT pnr_uuid_sentinel() IS NULL AS is_null, pnr_uuid_sentinel();
 is_null | pnr_uuid_sentinel 
---------+-------------------
 t       | 
(1 row)

CREATE TYPE pnr_mood AS ENUM ('sad', 'happy');
CREATE FUNCTION pnr_enum_sentinel() RETURNS pnr_mood LANGUAGE pljs AS $$
  return {is_null: true};
$$;
SELECT pnr_enum_sentinel() IS NULL AS is_null, pnr_enum_sentinel();
 is_null | pnr_enum_sentinel 
---------+-------------------
 t       | 
(1 row)

-- And from inside pljs, through SPI.
DO $$
  const r = pljs.execute(
    "SELECT pnr_row_null() AS r, pnr_uuid_sentinel() AS u, pnr_enum_sentinel() AS e")[0];
  pljs.elog(NOTICE, 'nulls: ' + (r.r === null) + ' ' + (r.u === null) + ' ' + (r.e === null));
$$ LANGUAGE pljs;
NOTICE:  nulls: true true true
DROP FUNCTION pnr_row_null(), pnr_row_undefined(), pnr_row_d_null(),
              pnr_uuid_sentinel(), pnr_enum_sentinel();
DROP DOMAIN pnr_row_d;
DROP TYPE pnr_row, pnr_mood;
