-- Domains: which way each one is converted, and that its constraints hold on
-- every path a value can take.
--
-- A domain over a type pljs has a case for -- int4, boolean, jsonb, bytea,
-- timestamp, an array, a composite -- is built as that base type and then
-- checked with domain_check(); pg_fallback_type_io covers that route.
--
-- A domain over any other type goes the way plv8 converts every domain:
-- through the domain's own input function, domain_in(), which parses with the
-- base type's input function and the domain's typmod, then checks the
-- constraints.  domain_check() could not be used there: it looks up the base
-- type's *binary* receive function, and not every type has one.
--
-- NULLs never reach a conversion function -- arrays, composites, triggers and
-- return values all short-circuit them -- so each of those paths checks a NULL
-- against the domain explicitly.  They used to skip it, and a NOT NULL domain
-- accepted NULL from all of them.
--
-- The state both routes need is built once per type and cached.  It used to be
-- rebuilt for every value, in whatever memory context was current, and a
-- return_next() loop over a domain with a CHECK constraint grew the backend by
-- about 10kB per row.
CREATE EXTENSION IF NOT EXISTS pljs;
NOTICE:  extension "pljs" already exists, skipping
SET DateStyle = 'ISO, MDY';
-- 1) A domain over a type without a case of its own.
CREATE DOMAIN tid_uuid AS uuid
  CHECK (VALUE <> '00000000-0000-0000-0000-000000000000');
-- It reaches JavaScript as text...
CREATE FUNCTION tid_uuid_seen(v tid_uuid) RETURNS text LANGUAGE pljs AS $$
  return typeof v + ':' + v;
$$;
SELECT tid_uuid_seen('0192f1c2-3a4b-7c5d-8e6f-0a1b2c3d4e5f');
                tid_uuid_seen                
---------------------------------------------
 string:0192f1c2-3a4b-7c5d-8e6f-0a1b2c3d4e5f
(1 row)

-- ...and goes back through domain_in(), which parses and checks it.
CREATE FUNCTION tid_uuid_ret(s text) RETURNS tid_uuid LANGUAGE pljs AS $$
  return s;
$$;
SELECT tid_uuid_ret('0192f1c2-3a4b-7c5d-8e6f-0a1b2c3d4e5f');
             tid_uuid_ret             
--------------------------------------
 0192f1c2-3a4b-7c5d-8e6f-0a1b2c3d4e5f
(1 row)

SELECT tid_uuid_ret('00000000-0000-0000-0000-000000000000');
ERROR:  value for domain tid_uuid violates check constraint "tid_uuid_check"
SELECT tid_uuid_ret('not-a-uuid');
ERROR:  invalid input syntax for type uuid: "not-a-uuid"
-- A chain of domains checks every level.
CREATE DOMAIN tid_uuid_0192 AS tid_uuid CHECK (VALUE::text LIKE '0192%');
CREATE FUNCTION tid_uuid_0192_ret(s text) RETURNS tid_uuid_0192 LANGUAGE pljs AS $$
  return s;
$$;
SELECT tid_uuid_0192_ret('0192f1c2-3a4b-7c5d-8e6f-0a1b2c3d4e5f');
          tid_uuid_0192_ret           
--------------------------------------
 0192f1c2-3a4b-7c5d-8e6f-0a1b2c3d4e5f
(1 row)

SELECT tid_uuid_0192_ret('ffffffff-3a4b-7c5d-8e6f-0a1b2c3d4e5f');
ERROR:  value for domain tid_uuid_0192 violates check constraint "tid_uuid_0192_check"
SELECT tid_uuid_0192_ret('00000000-0000-0000-0000-000000000000');
ERROR:  value for domain tid_uuid_0192 violates check constraint "tid_uuid_check"
-- An enum: the label is what JavaScript sees, and what the domain checks.
CREATE TYPE tid_mood AS ENUM ('sad', 'ok', 'happy');
CREATE DOMAIN tid_good_mood AS tid_mood CHECK (VALUE <> 'sad');
CREATE FUNCTION tid_mood_ret(s text) RETURNS tid_good_mood LANGUAGE pljs AS $$
  return s;
$$;
SELECT tid_mood_ret('happy');
 tid_mood_ret 
--------------
 happy
(1 row)

SELECT tid_mood_ret('sad');
ERROR:  value for domain tid_good_mood violates check constraint "tid_good_mood_check"
SELECT tid_mood_ret('furious');
ERROR:  invalid input value for enum tid_mood: "furious"
-- aclitem has no binary receive function.  domain_check() raised "no binary
-- input function available for type aclitem" for every value of a domain over
-- it, valid or not.
CREATE DOMAIN tid_acl AS aclitem;
CREATE FUNCTION tid_acl_echo(v tid_acl) RETURNS tid_acl LANGUAGE pljs AS $$
  return v;
$$;
SELECT tid_acl_echo(a)::text = a::text AS round_tripped
  FROM (SELECT makeaclitem(0, current_user::regrole, 'SELECT', false)::tid_acl AS a) s;
 round_tripped 
---------------
 t
(1 row)

-- 2) A domain over a type with a case of its own, through SPI.
CREATE DOMAIN tid_pos AS int4 CHECK (VALUE > 0);
-- A result column arrives as its base type...
DO $$
  const r = pljs.execute("SELECT 5::tid_pos AS v")[0];
  pljs.elog(NOTICE, typeof r.v + ':' + r.v);
$$ LANGUAGE pljs;
NOTICE:  number:5
-- ...and a parameter of the domain type is checked as the domain.  Inserting
-- into a column of the domain infers the parameter as the domain itself, so
-- the executor adds no check of its own: this conversion is the only one.
CREATE TABLE tid_spi (v tid_pos);
DO $$
  pljs.execute("INSERT INTO tid_spi VALUES ($1)", [3]);
  try {
    pljs.execute("INSERT INTO tid_spi VALUES ($1)", [-3]);
    pljs.elog(NOTICE, 'unexpectedly accepted -3');
  } catch (e) {
    pljs.elog(NOTICE, 'rejected: ' + e.message);
  }
$$ LANGUAGE pljs;
NOTICE:  rejected: value for domain tid_pos violates check constraint "tid_pos_check"
SELECT * FROM tid_spi;
 v 
---
 3
(1 row)

-- A domain over an array, both ways.
CREATE DOMAIN tid_ints AS int4[] CHECK (cardinality(VALUE) > 0);
CREATE FUNCTION tid_ints_push(v tid_ints) RETURNS tid_ints LANGUAGE pljs AS $$
  return Array.isArray(v) ? v.concat([9]) : 'not an array';
$$;
SELECT tid_ints_push('{1,2}');
 tid_ints_push 
---------------
 {1,2,9}
(1 row)

CREATE FUNCTION tid_ints_empty() RETURNS tid_ints LANGUAGE pljs AS $$ return []; $$;
SELECT tid_ints_empty();
ERROR:  value for domain tid_ints violates check constraint "tid_ints_check"
-- A domain over a composite, both ways.
CREATE TYPE tid_pair AS (a int4, b text);
CREATE DOMAIN tid_pos_pair AS tid_pair CHECK ((VALUE).a > 0);
CREATE FUNCTION tid_pair_bump(v tid_pos_pair) RETURNS tid_pos_pair LANGUAGE pljs AS $$
  v.a = v.a + 1;
  return v;
$$;
SELECT tid_pair_bump(ROW(1, 'x')::tid_pair::tid_pos_pair);
 tid_pair_bump 
---------------
 (2,x)
(1 row)

CREATE FUNCTION tid_pair_bad() RETURNS tid_pos_pair LANGUAGE pljs AS $$
  return {a: -1, b: 'x'};
$$;
SELECT tid_pair_bad();
ERROR:  value for domain tid_pos_pair violates check constraint "tid_pos_pair_check"
-- 3) NULL is checked against the domain wherever it appears.
CREATE DOMAIN tid_nn AS int4 NOT NULL;
CREATE DOMAIN tid_nn_uuid AS uuid NOT NULL;
-- As the result, for both routes.
CREATE FUNCTION tid_nn_uuid_null() RETURNS tid_nn_uuid LANGUAGE pljs AS $$
  return null;
$$;
SELECT tid_nn_uuid_null();
ERROR:  domain tid_nn_uuid does not allow null values
-- The fallback's {is_null: true} is a NULL too.
CREATE FUNCTION tid_nn_uuid_sentinel() RETURNS tid_nn_uuid LANGUAGE pljs AS $$
  return {is_null: true};
$$;
SELECT tid_nn_uuid_sentinel();
ERROR:  domain tid_nn_uuid does not allow null values
-- A value the base type turns into NULL -- an invalid Date -- is checked too.
CREATE DOMAIN tid_nn_ts AS timestamp NOT NULL;
CREATE FUNCTION tid_nn_ts_nan() RETURNS tid_nn_ts LANGUAGE pljs AS $$
  return new Date(NaN);
$$;
SELECT tid_nn_ts_nan();
ERROR:  domain tid_nn_ts does not allow null values
-- As an array element, whether null or undefined.
CREATE FUNCTION tid_nn_array(which text) RETURNS tid_nn[] LANGUAGE pljs AS $$
  return which === 'null' ? [1, null] : [1, undefined, 3];
$$;
SELECT tid_nn_array('null');
ERROR:  domain tid_nn does not allow null values
SELECT tid_nn_array('undefined');
ERROR:  domain tid_nn does not allow null values
-- A domain that allows NULL still gets one.
CREATE FUNCTION tid_pos_array() RETURNS tid_pos[] LANGUAGE pljs AS $$
  return [1, null];
$$;
SELECT tid_pos_array();
 tid_pos_array 
---------------
 {1,NULL}
(1 row)

-- As a composite column, whether null or missing.
CREATE TYPE tid_row AS (id int4, v tid_nn);
CREATE FUNCTION tid_row_ret(which text) RETURNS tid_row LANGUAGE pljs AS $$
  return which === 'null' ? {id: 1, v: null} : {id: 1};
$$;
SELECT tid_row_ret('null');
ERROR:  domain tid_nn does not allow null values
SELECT tid_row_ret('missing');
ERROR:  domain tid_nn does not allow null values
-- Through return_next().
CREATE FUNCTION tid_row_set() RETURNS SETOF tid_row LANGUAGE pljs AS $$
  pljs.return_next({id: 1, v: 1});
  pljs.return_next({id: 2, v: null});
$$;
SELECT * FROM tid_row_set();
ERROR:  domain tid_nn does not allow null values
DETAIL:  Error: domain tid_nn does not allow null values
    at tid_row_set (<function>:4:19)

-- Through a trigger's NEW, which the executor does not check again.
CREATE TABLE tid_tbl (id int4, v tid_nn);
CREATE FUNCTION tid_tbl_trig() RETURNS trigger LANGUAGE pljs AS $$
  NEW.v = null;
  return NEW;
$$;
CREATE TRIGGER tid_tbl_trig BEFORE INSERT ON tid_tbl
  FOR EACH ROW EXECUTE FUNCTION tid_tbl_trig();
INSERT INTO tid_tbl VALUES (1, 5);
ERROR:  domain tid_nn does not allow null values
SELECT count(*) AS rows_stored FROM tid_tbl;
 rows_stored 
-------------
           0
(1 row)

-- 4) return_next() with a single column of a domain over an object-shaped
-- type.  The column is not a row object, so the object is the value itself.
CREATE DOMAIN tid_jsonb AS jsonb;
CREATE FUNCTION tid_jsonb_set() RETURNS SETOF tid_jsonb LANGUAGE pljs AS $$
  pljs.return_next({a: 1});
  pljs.return_next({a: 1, b: 2});
$$;
SELECT * FROM tid_jsonb_set();
  tid_jsonb_set   
------------------
 {"a": 1}
 {"a": 1, "b": 2}
(2 rows)

-- A domain over an array accepts both the value and the row object.
CREATE FUNCTION tid_ints_set() RETURNS SETOF tid_ints LANGUAGE pljs AS $$
  pljs.return_next([1, 2]);
  pljs.return_next({tid_ints_set: [3, 4]});
$$;
SELECT * FROM tid_ints_set();
 tid_ints_set 
--------------
 {1,2}
 {3,4}
(2 rows)

-- 5) The cached state stays current when the domain changes.
CREATE DOMAIN tid_later AS int4;
CREATE FUNCTION tid_later_ret(i int4) RETURNS tid_later LANGUAGE pljs AS $$
  return i;
$$;
CREATE FUNCTION tid_later_null() RETURNS tid_later LANGUAGE pljs AS $$
  return null;
$$;
SELECT tid_later_ret(-1), tid_later_null();
 tid_later_ret | tid_later_null 
---------------+----------------
            -1 |               
(1 row)

ALTER DOMAIN tid_later ADD CONSTRAINT tid_later_pos CHECK (VALUE > 0);
SELECT tid_later_ret(-1);
ERROR:  value for domain tid_later violates check constraint "tid_later_pos"
ALTER DOMAIN tid_later SET NOT NULL;
SELECT tid_later_null();
ERROR:  domain tid_later does not allow null values
-- Renaming rewrites the domain's pg_type row, which drops the cached entry.
ALTER DOMAIN tid_later RENAME TO tid_later_renamed;
SELECT tid_later_ret(-1);
ERROR:  value for domain tid_later_renamed violates check constraint "tid_later_pos"
SELECT tid_later_ret(7);
 tid_later_ret 
---------------
             7
(1 row)

-- The same for a domain converted through domain_in().
CREATE DOMAIN tid_later_uuid AS uuid;
CREATE FUNCTION tid_later_uuid_ret(s text) RETURNS tid_later_uuid LANGUAGE pljs AS $$
  return s;
$$;
SELECT tid_later_uuid_ret('00000000-0000-0000-0000-000000000000');
          tid_later_uuid_ret          
--------------------------------------
 00000000-0000-0000-0000-000000000000
(1 row)

ALTER DOMAIN tid_later_uuid ADD CONSTRAINT tid_later_uuid_nonzero
  CHECK (VALUE <> '00000000-0000-0000-0000-000000000000');
SELECT tid_later_uuid_ret('00000000-0000-0000-0000-000000000000');
ERROR:  value for domain tid_later_uuid violates check constraint "tid_later_uuid_nonzero"
-- 6) The domain's checking state is built once per type, not once per value.
CREATE FUNCTION tid_mem(n int4) RETURNS SETOF tid_pos LANGUAGE pljs AS $$
  const used = () => Number(pljs.execute(
    "SELECT sum(total_bytes) AS b FROM pg_backend_memory_contexts")[0].b);

  for (let i = 1; i <= 1000; i++) pljs.return_next(i);

  const before = used();

  for (let i = 1; i <= n; i++) pljs.return_next(i);

  const grew_mb = (used() - before) / (1024 * 1024);

  pljs.elog(NOTICE, 'grew by less than 16MB: ' + (grew_mb < 16));
$$;
SELECT count(*) FROM tid_mem(50000);
NOTICE:  grew by less than 16MB: true
 count 
-------
 51000
(1 row)

-- 7) A generated column is NULL in a BEFORE trigger's NEW until the executor
-- computes it, so it is not checked against its domain.  A NOT NULL domain
-- rejected it, and a trigger returning NEW failed on every row.
CREATE TABLE tid_gen (a int4, b tid_nn GENERATED ALWAYS AS (a * 2) STORED);
CREATE FUNCTION tid_gen_trig() RETURNS trigger LANGUAGE pljs AS $$
  return NEW;
$$;
CREATE TRIGGER tid_gen_trig BEFORE INSERT OR UPDATE ON tid_gen
  FOR EACH ROW EXECUTE FUNCTION tid_gen_trig();
INSERT INTO tid_gen (a) VALUES (1);
UPDATE tid_gen SET a = 5;
SELECT * FROM tid_gen;
 a | b  
---+----
 5 | 10
(1 row)

-- 8) A CHECK constraint that converts a value of its own domain.  The nested
-- check shared the outer one's state and overwrote the VALUE the outer one
-- was checking, so 2000 passed.
CREATE FUNCTION tid_nest_chk(v int4) RETURNS bool LANGUAGE pljs AS $$
  if (v >= 1000) pljs.execute('SELECT $1::tid_nest AS x', [5]);
  return true;
$$;
CREATE DOMAIN tid_nest AS int4 CHECK (tid_nest_chk(VALUE) AND VALUE < 1000);
CREATE FUNCTION tid_nest_ret(i int4) RETURNS tid_nest LANGUAGE pljs AS $$
  return i;
$$;
SELECT 2000::tid_nest;
ERROR:  value for domain tid_nest violates check constraint "tid_nest_check"
SELECT tid_nest_ret(2000);
ERROR:  value for domain tid_nest violates check constraint "tid_nest_check"
SELECT tid_nest_ret(20);
 tid_nest_ret 
--------------
           20
(1 row)

-- The same through domain_in().
CREATE FUNCTION tid_nest_uuid_chk(v uuid) RETURNS bool LANGUAGE pljs AS $$
  if (v !== '00000000-0000-0000-0000-000000000005') {
    pljs.execute('SELECT $1::tid_nest_uuid AS x',
                 ['00000000-0000-0000-0000-000000000005']);
  }
  return true;
$$;
CREATE DOMAIN tid_nest_uuid AS uuid
  CHECK (tid_nest_uuid_chk(VALUE) AND
         VALUE = '00000000-0000-0000-0000-000000000005');
CREATE FUNCTION tid_nest_uuid_ret(s text) RETURNS tid_nest_uuid
  LANGUAGE pljs AS $$
  return s;
$$;
SELECT tid_nest_uuid_ret('00000000-0000-0000-0000-000000000009');
ERROR:  value for domain tid_nest_uuid violates check constraint "tid_nest_uuid_check"
SELECT tid_nest_uuid_ret('00000000-0000-0000-0000-000000000005');
          tid_nest_uuid_ret           
--------------------------------------
 00000000-0000-0000-0000-000000000005
(1 row)

-- 9) Any constraint change -- even a temporary table's CHECK -- makes the
-- typcache rebuild every domain's constraints, and domain_check() and
-- domain_in() then build them again without freeing the old ones.  A
-- function keeps its domains' checking state for its whole call, so a long
-- call that kept changing constraints grew with every change.
CREATE FUNCTION tid_churn(n int4) RETURNS SETOF tid_pos LANGUAGE pljs AS $$
  const used = () => Number(pljs.execute(
    "SELECT sum(total_bytes) AS b FROM pg_backend_memory_contexts " +
    "WHERE name IN ('PLJS Type I/O', 'PLJS Domain Check')")[0].b);
  const plan = pljs.prepare('SELECT $1 AS x', ['tid_uuid']);
  const churn = (count) => {
    for (let i = 0; i < count; i++) {
      pljs.execute('CREATE TEMP TABLE tid_churn (x int4 CHECK (x > 0))');
      pljs.execute('DROP TABLE tid_churn');
      pljs.return_next(1);
      plan.execute(['0192f1c2-3a4b-7c5d-8e6f-0a1b2c3d4e5f']);
    }
  };

  churn(10);

  const before = used();

  churn(n);

  pljs.elog(NOTICE, 'grew by less than 64kB: ' + (used() - before < 65536));
  plan.free();
$$;
SELECT count(*) FROM tid_churn(300);
NOTICE:  grew by less than 64kB: true
 count 
-------
   310
(1 row)

-- 10) A function's type state lives in its FmgrInfo, so none of it outlives
-- the query that called the function.  A cache kept for the life of the
-- backend had to find and free the entries for types that were dropped, such
-- as every temporary table's row type.
CREATE FUNCTION tid_rowarg(r anyelement) RETURNS int4 LANGUAGE pljs AS $$
  return 1;
$$;
CREATE PROCEDURE tid_row_churn(n int4) LANGUAGE plpgsql AS $$
BEGIN
  FOR i IN 1..n LOOP
    CREATE TEMP TABLE tid_churn_row (x int4);
    INSERT INTO tid_churn_row VALUES (1);
    PERFORM tid_rowarg(t) FROM tid_churn_row t;
    DROP TABLE tid_churn_row;
    COMMIT;
  END LOOP;
END $$;
CALL tid_row_churn(100);
SELECT count(*) AS type_state_left FROM pg_backend_memory_contexts
 WHERE name IN ('PLJS Type I/O', 'PLJS Domain Check');
 type_state_left 
-----------------
               0
(1 row)

-- 11) A procedure keeps its type state across COMMIT, and a constraint added
-- to a domain in one of its transactions applies in the next.
CREATE DOMAIN tid_txn_uuid AS uuid;
CREATE DOMAIN tid_txn_int AS int4;
CREATE PROCEDURE tid_txn() LANGUAGE pljs AS $$
  const zero = '00000000-0000-0000-0000-000000000000';
  const convert = () => {
    for (const [type, value] of [['tid_txn_uuid', zero], ['tid_txn_int', 0]]) {
      try {
        const x = pljs.execute('SELECT $1::' + type + ' AS x', [value])[0].x;
        pljs.elog(NOTICE, 'accepted ' + x);
      } catch (e) {
        pljs.elog(NOTICE, e.message);
      }
    }
  };

  convert();
  pljs.commit();
  pljs.execute("ALTER DOMAIN tid_txn_uuid ADD CONSTRAINT tid_txn_uuid_nonzero " +
               "CHECK (VALUE <> '" + zero + "')");
  pljs.execute('ALTER DOMAIN tid_txn_int ADD CONSTRAINT tid_txn_int_pos ' +
               'CHECK (VALUE > 0)');
  pljs.commit();
  convert();
$$;
CALL tid_txn();
NOTICE:  accepted 00000000-0000-0000-0000-000000000000
NOTICE:  accepted 0
NOTICE:  value for domain tid_txn_uuid violates check constraint "tid_txn_uuid_nonzero"
NOTICE:  value for domain tid_txn_int violates check constraint "tid_txn_int_pos"
-- 12) A range over a domain is not a domain, but its input function runs
-- the domain's, which keeps its checking state in the same way; case 9 was
-- fixed for domains alone.  range_in() rebuilt the domain's constraints in
-- the function's cache on every constraint change, and nothing freed them.
CREATE TYPE tid_pos_range AS RANGE (subtype = tid_pos);
CREATE FUNCTION tid_range_churn(n int4) RETURNS SETOF tid_pos_range
  LANGUAGE pljs AS $$
  const used = () => Number(pljs.execute(
    "SELECT sum(total_bytes) AS b FROM pg_backend_memory_contexts " +
    "WHERE name IN ('PLJS Type I/O', 'PLJS Domain Check')")[0].b);
  const churn = (count) => {
    for (let i = 0; i < count; i++) {
      pljs.execute('CREATE TEMP TABLE tid_churn (x int4 CHECK (x > 0))');
      pljs.execute('DROP TABLE tid_churn');
      pljs.return_next('[1,5)');
    }
  };

  churn(10);

  const before = used();

  churn(n);

  pljs.elog(NOTICE, 'grew by less than 64kB: ' + (used() - before < 65536));
$$;
SELECT count(*) FROM tid_range_churn(300);
NOTICE:  grew by less than 64kB: true
 count 
-------
   310
(1 row)

-- The state built again is built from the constraints as they are now.
CREATE DOMAIN tid_range_int AS int4;
CREATE TYPE tid_int_range AS RANGE (subtype = tid_range_int);
CREATE FUNCTION tid_range_later() RETURNS SETOF tid_int_range
  LANGUAGE pljs AS $$
  const next = (v) => {
    try {
      pljs.return_next(v);
    } catch (e) {
      pljs.elog(NOTICE, e.message);
    }
  };

  next('[-5,5)');
  pljs.execute('ALTER DOMAIN tid_range_int ADD CONSTRAINT tid_range_int_pos ' +
               'CHECK (VALUE > 0)');
  next('[-5,5)');
  next('[1,5)');
$$;
SELECT * FROM tid_range_later();
NOTICE:  value for domain tid_range_int violates check constraint "tid_range_int_pos"
 tid_range_later 
-----------------
 [-5,5)
 [1,5)
(2 rows)

DROP FUNCTION tid_range_churn, tid_range_later;
DROP TYPE tid_pos_range, tid_int_range;
DROP DOMAIN tid_range_int;
DROP TABLE tid_tbl, tid_spi, tid_gen;
DROP PROCEDURE tid_row_churn, tid_txn;
DROP FUNCTION tid_uuid_seen, tid_uuid_ret, tid_uuid_0192_ret, tid_mood_ret,
              tid_acl_echo, tid_ints_push, tid_ints_empty, tid_pair_bump,
              tid_pair_bad, tid_nn_uuid_null, tid_nn_uuid_sentinel,
              tid_nn_ts_nan, tid_nn_array, tid_pos_array, tid_row_ret,
              tid_row_set, tid_tbl_trig, tid_jsonb_set, tid_ints_set,
              tid_later_ret, tid_later_null, tid_later_uuid_ret, tid_mem,
              tid_gen_trig, tid_nest_ret, tid_nest_uuid_ret, tid_churn,
              tid_rowarg;
DROP TYPE tid_row;
DROP DOMAIN tid_uuid_0192, tid_uuid, tid_good_mood, tid_acl, tid_pos,
            tid_ints, tid_pos_pair, tid_nn, tid_nn_uuid, tid_nn_ts, tid_jsonb,
            tid_later_renamed, tid_later_uuid, tid_nest, tid_nest_uuid,
            tid_txn_uuid, tid_txn_int;
DROP FUNCTION tid_nest_chk, tid_nest_uuid_chk;
DROP TYPE tid_mood, tid_pair;
