-- Window function arguments resolve to the type of the call being made.
--
-- Window functions are almost always declared over a polymorphic type --
-- js_lag(arg anyelement), js_first_value(arg anyelement) -- so the declared
-- argument type is a pseudo-type and the concrete type is only known per call
-- site.  Two separate places got that wrong.
--
-- convert_arguments_to_javascript() resolves polymorphic arguments for an
-- ordinary call but its window branch passed the declared type straight
-- through.  anyelement is a 4-byte pass-by-value pseudo-type, so the
-- conversion produced JS_NewInt32() of the datum, which for anything
-- pass-by-reference is the truncated *address* of the value: a window
-- function reading its own text argument saw `number:281317736`.
--
-- The winobj.get_func_arg_* accessors had the opposite problem.  They read the
-- resolved type out of pljs_func.argtypes[], which is correct when it is
-- written but is then cached against the function's OID and reused for every
-- later call whatever the types at that call site.  So the first use of a
-- polymorphic window function pinned its argument type for the whole session.
CREATE EXTENSION IF NOT EXISTS pljs;
NOTICE:  extension "pljs" already exists, skipping
CREATE TABLE wp (n int, t text, d date);
INSERT INTO wp VALUES (1, 'alpha', '2020-01-01'),
                      (2, 'beta',  '2021-06-15');
-- 1) A window function that reads its own declared argument.
CREATE FUNCTION wp_show(arg anyelement) RETURNS text AS $$
  return typeof arg + ':' + String(arg);
$$ LANGUAGE pljs WINDOW;
SELECT t, wp_show(t) OVER () FROM wp ORDER BY n;
   t   |   wp_show    
-------+--------------
 alpha | string:alpha
 beta  | string:beta
(2 rows)

SELECT n, wp_show(n) OVER () FROM wp ORDER BY n;
 n | wp_show  
---+----------
 1 | number:1
 2 | number:2
(2 rows)

-- 2) The same argument through winobj.get_func_arg_*.  The text call comes
-- first deliberately: it is what used to pin the cached argument type for the
-- integer call below, which then read the integer itself as a text pointer and
-- crashed the backend.
CREATE FUNCTION wp_prev(arg anyelement) RETURNS anyelement AS $$
  var w = pljs.get_window_object();
  return w.get_func_arg_in_partition(0, -1, w.SEEK_CURRENT, false);
$$ LANGUAGE pljs WINDOW;
SELECT t, wp_prev(t) OVER (ORDER BY n) FROM wp ORDER BY n;
   t   | wp_prev 
-------+---------
 alpha | 
 beta  | alpha
(2 rows)

SELECT n, wp_prev(n) OVER (ORDER BY n) FROM wp ORDER BY n;
 n | wp_prev 
---+---------
 1 |        
 2 |       1
(2 rows)

SELECT d, wp_prev(d) OVER (ORDER BY n) FROM wp ORDER BY n;
     d      |  wp_prev   
------------+------------
 01-01-2020 | 
 06-15-2021 | 01-01-2020
(2 rows)

CREATE FUNCTION wp_current(arg anyelement) RETURNS text AS $$
  var w = pljs.get_window_object();
  var v = w.get_func_arg_current(0);
  return typeof v + ':' + String(v);
$$ LANGUAGE pljs WINDOW;
SELECT t, wp_current(t) OVER () FROM wp ORDER BY n;
   t   |  wp_current  
-------+--------------
 alpha | string:alpha
 beta  | string:beta
(2 rows)

SELECT n, wp_current(n) OVER () FROM wp ORDER BY n;
 n | wp_current 
---+------------
 1 | number:1
 2 | number:2
(2 rows)

CREATE FUNCTION wp_frame(arg anyelement) RETURNS anyelement AS $$
  var w = pljs.get_window_object();
  return w.get_func_arg_in_frame(0, 0, w.SEEK_HEAD, false);
$$ LANGUAGE pljs WINDOW;
SELECT t, wp_frame(t) OVER (ORDER BY n) FROM wp ORDER BY n;
   t   | wp_frame 
-------+----------
 alpha | alpha
 beta  | alpha
(2 rows)

SELECT n, wp_frame(n) OVER (ORDER BY n) FROM wp ORDER BY n;
 n | wp_frame 
---+----------
 1 |        1
 2 |        1
(2 rows)

-- 3) The argument number comes from JavaScript, so it is whatever the function
-- author typed.  It used to index both argtypes[] and the executor's own
-- per-argument state unchecked, and took the backend down.
CREATE FUNCTION wp_out_of_range(arg anyelement) RETURNS text AS $$
  var w = pljs.get_window_object();
  return String(w.get_func_arg_current(500));
$$ LANGUAGE pljs WINDOW;
SELECT wp_out_of_range(n) OVER () FROM wp;
ERROR:  argument number out of range for get_func_arg_current
DETAIL:  Error: argument number out of range for get_func_arg_current
    at wp_out_of_range (<function>:4:39)

CREATE FUNCTION wp_negative(arg anyelement) RETURNS text AS $$
  var w = pljs.get_window_object();
  return String(w.get_func_arg_current(-1));
$$ LANGUAGE pljs WINDOW;
SELECT wp_negative(n) OVER () FROM wp;
ERROR:  argument number out of range for get_func_arg_current
DETAIL:  Error: argument number out of range for get_func_arg_current
    at wp_negative (<function>:4:39)

DROP FUNCTION wp_show, wp_prev, wp_current, wp_frame, wp_out_of_range,
              wp_negative;
DROP TABLE wp;
