CREATE FUNCTION return_void() RETURNS void AS $$ $$ LANGUAGE pljs;
SELECT return_void();
 return_void 
-------------
 
(1 row)

CREATE FUNCTION return_null() RETURNS text AS $$ return null; $$ LANGUAGE pljs;
SELECT r, r IS NULL AS isnull FROM return_null() AS r;
 r | isnull 
---+--------
   | t
(1 row)

-- TYPE CONVERTIONS
CREATE FUNCTION int2_to_int4(x int2) RETURNS int4 AS $$ return x; $$ LANGUAGE pljs;
SELECT int2_to_int4(24::int2);
 int2_to_int4 
--------------
           24
(1 row)

CREATE FUNCTION int4_to_int2(x int4) RETURNS int2 AS $$ return x; $$ LANGUAGE pljs;
SELECT int4_to_int2(42);
 int4_to_int2 
--------------
           42
(1 row)

CREATE FUNCTION int4_to_int8(x int4) RETURNS int8 AS $$ return x; $$ LANGUAGE pljs;
SELECT int4_to_int8(48);
 int4_to_int8 
--------------
           48
(1 row)

CREATE FUNCTION int8_to_int4(x int8) RETURNS int4 AS $$ return x; $$ LANGUAGE pljs;
SELECT int8_to_int4(84);
 int8_to_int4 
--------------
           84
(1 row)

CREATE FUNCTION float8_to_numeric(x float8) RETURNS numeric AS $$ return x; $$ LANGUAGE pljs;
SELECT float8_to_numeric(1.5);
 float8_to_numeric 
-------------------
               1.5
(1 row)

CREATE FUNCTION numeric_to_int8(x numeric) RETURNS int8 AS $$ return x; $$ LANGUAGE pljs;
SELECT numeric_to_int8(1234.56);
 numeric_to_int8 
-----------------
            1234
(1 row)

CREATE FUNCTION int4_to_text(x int4) RETURNS text AS $$ return x; $$ LANGUAGE pljs;
SELECT int4_to_text(123);
 int4_to_text 
--------------
 123
(1 row)

CREATE FUNCTION text_to_int4(x text) RETURNS int4 AS $$ return x; $$ LANGUAGE pljs;
SELECT text_to_int4('123');
 text_to_int4 
--------------
          123
(1 row)

-- A string is parsed by int4's input function, so text that is not an integer
-- raises instead of silently becoming 0, which is what routing it through a
-- double produced.
SELECT text_to_int4('abc');
ERROR:  invalid input syntax for type integer: "abc"
-- Out of range likewise raises rather than wrapping.
SELECT text_to_int4('2147483648');
ERROR:  value "2147483648" is out of range for type integer
-- ARRAYS
CREATE FUNCTION return_array() RETURNS TEXT[] AS $$ return ["foo", "bar"]; $$LANGUAGE pljs;
SELECT return_array();
 return_array 
--------------
 {foo,bar}
(1 row)

-- BigInt
-- a BigInt that will work on any value
CREATE OR REPLACE FUNCTION bigint_working(val BIGINT)
   RETURNS BIGINT AS $$
    return val - 1n;
   $$ LANGUAGE pljs STABLE STRICT;
SELECT bigint_working(9223372036854775807);
   bigint_working    
---------------------
 9223372036854775806
(1 row)

SELECT bigint_working(32);
 bigint_working 
----------------
             31
(1 row)

-- a BigInt that will fail on any value
CREATE OR REPLACE FUNCTION bigint_failing(val BIGINT)
   RETURNS BIGINT AS $$
    return val - 1;
   $$ LANGUAGE pljs STABLE STRICT;
SELECT bigint_failing(9223372036854775807);
ERROR:  cannot convert bigint to number
DETAIL:  TypeError: cannot convert bigint to number
    at bigint_failing (<function>:3:16)

-- BigInt as Numeric
CREATE OR REPLACE FUNCTION bigint_numeric(a INT8, b INT8)
   RETURNS NUMERIC AS $$
    return a ** b;
   $$ LANGUAGE pljs STABLE STRICT;
SELECT bigint_numeric(20, 200);
                                                                                                                            bigint_numeric                                                                                                                             
-----------------------------------------------------------------------------------------------------------------------------------------------------------------------------------------------------------------------------------------------------------------------
 160693804425899027554196209234116260252220299378279283530137600000000000000000000000000000000000000000000000000000000000000000000000000000000000000000000000000000000000000000000000000000000000000000000000000000000000000000000000000000000000000000000000000000000
(1 row)

-- ENUM type
CREATE TYPE status AS ENUM ('active', 'inactive', 'pending');
CREATE FUNCTION enum_echo(s status) returns status AS $$
  return s;
$$ LANGUAGE pljs;
SELECT enum_echo('active');
 enum_echo 
-----------
 active
(1 row)

-- Custom type
CREATE EXTENSION ltree;
CREATE FUNCTION ltree_echo(l ltree) RETURNS ltree AS $$
  return l;
$$ LANGUAGE pljs;
SELECT ltree_echo('1.2.3'::ltree);
 ltree_echo 
------------
 1.2.3
(1 row)

-- OID type
CREATE FUNCTION oid_echo(o oid) RETURNS oid AS $$ return o; $$ LANGUAGE pljs;
SELECT oid_echo(12345::oid);
 oid_echo 
----------
    12345
(1 row)

SELECT oid_echo('pg_class'::regclass::oid) > 0 AS valid_oid;
 valid_oid 
-----------
 t
(1 row)

DROP FUNCTION oid_echo(oid);
-- FLOAT4 type
CREATE FUNCTION float4_echo(f float4) RETURNS float4 AS $$ return f; $$ LANGUAGE pljs;
SELECT float4_echo(3.14::float4);
 float4_echo 
-------------
        3.14
(1 row)

DROP FUNCTION float4_echo(float4);
-- BOOL return
CREATE FUNCTION bool_echo(b boolean) RETURNS boolean AS $$ return b; $$ LANGUAGE pljs;
SELECT bool_echo(true);
 bool_echo 
-----------
 t
(1 row)

SELECT bool_echo(false);
 bool_echo 
-----------
 f
(1 row)

DROP FUNCTION bool_echo(boolean);
-- BigInt to int2
CREATE FUNCTION bigint_to_int2(v int8) RETURNS int2 AS $$ return v; $$ LANGUAGE pljs;
SELECT bigint_to_int2(42::int8);
 bigint_to_int2 
----------------
             42
(1 row)

DROP FUNCTION bigint_to_int2(int8);
-- timestamptz round-trip (JS Date -> PG timestamptz)
CREATE FUNCTION ts_add_hour(ts timestamptz) RETURNS timestamptz AS $$
  var d = new Date(ts.getTime() + 3600000);
  return d;
$$ LANGUAGE pljs;
SELECT ts_add_hour('2024-01-01 12:00:00 UTC') AT TIME ZONE 'UTC';
         timezone         
--------------------------
 Mon Jan 01 13:00:00 2024
(1 row)

DROP FUNCTION ts_add_hour(timestamptz);
-- timestamp (without tz)
CREATE FUNCTION ts_echo(ts timestamp) RETURNS timestamp AS $$ return ts; $$ LANGUAGE pljs;
SELECT ts_echo('2024-06-15 10:30:00');
         ts_echo          
--------------------------
 Sat Jun 15 10:30:00 2024
(1 row)

DROP FUNCTION ts_echo(timestamp);
-- date round-trip
CREATE FUNCTION date_echo(d date) RETURNS date AS $$ return d; $$ LANGUAGE pljs;
SELECT date_echo('2024-03-15');
 date_echo  
------------
 03-15-2024
(1 row)

DROP FUNCTION date_echo(date);
-- array with null elements
CREATE FUNCTION array_with_nulls() RETURNS int[] AS $$ return [1, null, 3]; $$ LANGUAGE pljs;
SELECT array_with_nulls();
 array_with_nulls 
------------------
 {1,NULL,3}
(1 row)

DROP FUNCTION array_with_nulls();
-- Custom and domain types reach the catch-all varlena conversion in
-- pljs_datum_to_jsvalue_fallback().  A literal is built with a 4-byte header,
-- but the same value read back out of a column carries a 1-byte short header,
-- and a large one is stored compressed.  Reading either of those with VARDATA()
-- instead of VARDATA_ANY(), and without detoasting, returned a value shifted
-- three bytes into its own payload -- or the raw compressed bytes.
CREATE TABLE ltree_tbl (l ltree);
INSERT INTO ltree_tbl VALUES ('1.2.3');
SELECT ltree_echo(l) FROM ltree_tbl;
 ltree_echo 
------------
 1.2.3
(1 row)

CREATE DOMAIN packed_text AS text;
CREATE FUNCTION packed_echo(v packed_text) RETURNS text AS $$
  return v;
$$ LANGUAGE pljs;
CREATE TABLE packed_tbl (v packed_text);
INSERT INTO packed_tbl VALUES ('ABCDEFGHIJ'), (repeat('Z', 5000));
SELECT packed_echo('ABCDEFGHIJ'::packed_text) AS from_literal;
 from_literal 
--------------
 ABCDEFGHIJ
(1 row)

SELECT packed_echo(v) AS from_column FROM packed_tbl WHERE length(v) = 10;
 from_column 
-------------
 ABCDEFGHIJ
(1 row)

SELECT length(packed_echo(v)) AS toasted_len FROM packed_tbl WHERE length(v) > 100;
 toasted_len 
-------------
        5000
(1 row)

